// Jest Snapshot v1, https://goo.gl/fbAQLP

exports[`StartMenu should match snapshot 1`] = `
<DocumentFragment>
  <div
    class="sc-bdvvtL gmISqY"
  >
    <div
      class="sc-gsDKAQ cmyPxl"
    >
      Next mocked image Programes
    </div>
    <div
      class="sc-gsDKAQ cmyPxl"
    >
      Next mocked image Documents
    </div>
    <div
      class="sc-gsDKAQ cmyPxl"
    >
      Next mocked image Settings
    </div>
    <div
      class="sc-gsDKAQ cmyPxl"
    >
      Next mocked image Find
    </div>
    <div
      class="sc-gsDKAQ cmyPxl"
    >
      Next mocked image Help
    </div>
    <div
      class="sc-gsDKAQ cmyPxl"
    >
      Next mocked image Run
    </div>
    <div
      class="sc-hKwDye eiYvEK"
    />
    <div
      class="sc-gsDKAQ cmyPxl"
    >
      Next mocked image Shutdown
    </div>
  </div>
</DocumentFragment>
`;
